[2025-06-30 21:48:20] ffmpeg version 6.1.1-3ubuntu5 Copyright (c) 2000-2023 the FFmpeg developers
[2025-06-30 21:48:20]   built with gcc 13 (Ubuntu 13.2.0-23ubuntu3)
[2025-06-30 21:48:20]   configuration: --prefix=/usr --extra-version=3ubuntu5 --toolchain=hardened --libdir=/usr/lib/x86_64-linux-gnu --incdir=/usr/include/x86_64-linux-gnu --arch=amd64 --enable-gpl --disable-stripping --disable-omx --enable-gnutls --enable-libaom --enable-libass --enable-libbs2b --enable-libcaca --enable-libcdio --enable-libcodec2 --enable-libdav1d --enable-libflite --enable-libfontconfig --enable-libfreetype --enable-libfribidi --enable-libglslang --enable-libgme --enable-libgsm --enable-libharfbuzz --enable-libmp3lame --enable-libmysofa --enable-libopenjpeg --enable-libopenmpt --enable-libopus --enable-librubberband --enable-libshine --enable-libsnappy --enable-libsoxr --enable-libspeex --enable-libtheora --enable-libtwolame --enable-libvidstab --enable-libvorbis --enable-libvpx --enable-libwebp --enable-libx265 --enable-libxml2 --enable-libxvid --enable-libzimg --enable-openal --enable-opencl --enable-opengl --disable-sndio --enable-libvpl --disable-libmfx --enable-libdc1394 --enable-libdrm --enable-libiec61883 --enable-chromaprint --enable-frei0r --enable-ladspa --enable-libbluray --enable-libjack --enable-libpulse --enable-librabbitmq --enable-librist --enable-libsrt --enable-libssh --enable-libsvtav1 --enable-libx264 --enable-libzmq --enable-libzvbi --enable-lv2 --enable-sdl2 --enable-libplacebo --enable-librav1e --enable-pocketsphinx --enable-librsvg --enable-libjxl --enable-shared
[2025-06-30 21:48:20]   libavutil      58. 29.100 / 58. 29.100
[2025-06-30 21:48:20]   libavcodec     60. 31.102 / 60. 31.102
[2025-06-30 21:48:20]   libavformat    60. 16.100 / 60. 16.100
[2025-06-30 21:48:20]   libavdevice    60.  3.100 / 60.  3.100
[2025-06-30 21:48:20]   libavfilter     9. 12.100 /  9. 12.100
[2025-06-30 21:48:20]   libswscale      7.  5.100 /  7.  5.100
[2025-06-30 21:48:20]   libswresample   4. 12.100 /  4. 12.100
[2025-06-30 21:48:20]   libpostproc    57.  3.100 / 57.  3.100
[2025-06-30 21:48:20] Splitting the commandline.
[2025-06-30 21:48:20] Reading option '-i' ... matched as output url with argument 'rtp://192.168.2.99:4004'.
[2025-06-30 21:48:20] Reading option '-c' ... matched as option 'c' (codec name) with argument 'copy'.
[2025-06-30 21:48:20] Reading option 'capturas/rtp_20250630_21-48-14/recebido_rtp.ts' ... matched as output url.
[2025-06-30 21:48:20] Reading option '-loglevel' ... matched as option 'loglevel' (set logging level) with argument 'debug'.
[2025-06-30 21:48:20] Finished splitting the commandline.
[2025-06-30 21:48:20] Parsing a group of options: global .
[2025-06-30 21:48:20] Applying option loglevel (set logging level) with argument debug.
[2025-06-30 21:48:20] Successfully parsed a group of options.
[2025-06-30 21:48:20] Parsing a group of options: input url rtp://192.168.2.99:4004.
[2025-06-30 21:48:20] Successfully parsed a group of options.
[2025-06-30 21:48:20] Opening an input file: rtp://192.168.2.99:4004.
[2025-06-30 21:48:20] [rtp @ 0x5b51a9a5d800] No default whitelist set
[2025-06-30 21:48:20] [udp @ 0x5b51a9a5dc00] No default whitelist set
[2025-06-30 21:48:20] [udp @ 0x5b51a9a5dc00] end receive buffer size reported is 425984
[2025-06-30 21:48:20] [udp @ 0x5b51a9a6e000] No default whitelist set
[2025-06-30 21:48:20] [udp @ 0x5b51a9a6e000] end receive buffer size reported is 425984
[2025-06-30 21:48:22] [rtp @ 0x5b51a9a5ad80] SDP:
[2025-06-30 21:48:22] v=0
[2025-06-30 21:48:22] c=IN IP4 192.168.2.99
[2025-06-30 21:48:22] m=application 4004 RTP/AVP 33
[2025-06-30 21:48:22] 
[2025-06-30 21:48:22] [rtp @ 0x5b51a9a64040] No default whitelist set
[2025-06-30 21:48:22] [udp @ 0x5b51a9a6e000] No default whitelist set
[2025-06-30 21:48:22] [udp @ 0x5b51a9a6e000] end receive buffer size reported is 425984
[2025-06-30 21:48:22] [udp @ 0x5b51a9a643c0] No default whitelist set
[2025-06-30 21:48:22] [udp @ 0x5b51a9a643c0] end receive buffer size reported is 425984
[2025-06-30 21:48:22] [rtp @ 0x5b51a9a5ad80] setting jitter buffer size to 500
[2025-06-30 21:48:22] [rtp @ 0x5b51a9a5ad80] stream=0 stream_type=0 pid=100 prog_reg_desc=
[2025-06-30 21:48:22] [rtp @ 0x5b51a9a5ad80] probing stream 0 pp:2500
[2025-06-30 21:48:22] [rtp @ 0x5b51a9a5ad80] stream=0 stream_type=1b pid=100 prog_reg_desc=
[2025-06-30 21:48:22] [rtp @ 0x5b51a9a5ad80] stream=1 stream_type=f pid=101 prog_reg_desc=
[2025-06-30 21:48:22] [rtp @ 0x5b51a9a5ad80] All programs have pmt, headers found
[2025-06-30 21:48:22] [NULL @ 0x5b51a9a64d40] non-existing PPS 0 referenced
[2025-06-30 21:48:22] [extract_extradata @ 0x5b51a9a194c0] nal_unit_type: 9(AUD), nal_ref_idc: 0
[2025-06-30 21:48:22] [extract_extradata @ 0x5b51a9a194c0] nal_unit_type: 1(Coded slice of a non-IDR picture), nal_ref_idc: 2
[2025-06-30 21:48:22] [h264 @ 0x5b51a9a64d40] nal_unit_type: 9(AUD), nal_ref_idc: 0
[2025-06-30 21:48:22] [h264 @ 0x5b51a9a64d40] nal_unit_type: 1(Coded slice of a non-IDR picture), nal_ref_idc: 2
[2025-06-30 21:48:22] [h264 @ 0x5b51a9a64d40] non-existing PPS 0 referenced
[2025-06-30 21:48:22] [h264 @ 0x5b51a9a64d40] decode_slice_header error
[2025-06-30 21:48:22] [h264 @ 0x5b51a9a64d40] no frame!
[2025-06-30 21:48:22] [h264 @ 0x5b51a9a64d40] non-existing PPS 0 referenced
[2025-06-30 21:48:22] [extract_extradata @ 0x5b51a9a194c0] nal_unit_type: 9(AUD), nal_ref_idc: 0
[2025-06-30 21:48:22] [extract_extradata @ 0x5b51a9a194c0] nal_unit_type: 1(Coded slice of a non-IDR picture), nal_ref_idc: 2
[2025-06-30 21:48:22] [h264 @ 0x5b51a9a64d40] nal_unit_type: 9(AUD), nal_ref_idc: 0
[2025-06-30 21:48:22] [h264 @ 0x5b51a9a64d40] nal_unit_type: 1(Coded slice of a non-IDR picture), nal_ref_idc: 2
[2025-06-30 21:48:22] [h264 @ 0x5b51a9a64d40] non-existing PPS 0 referenced
[2025-06-30 21:48:22] [h264 @ 0x5b51a9a64d40] decode_slice_header error
[2025-06-30 21:48:22] [h264 @ 0x5b51a9a64d40] no frame!
[2025-06-30 21:48:22] [h264 @ 0x5b51a9a64d40] non-existing PPS 0 referenced
[2025-06-30 21:48:22] [extract_extradata @ 0x5b51a9a194c0] nal_unit_type: 9(AUD), nal_ref_idc: 0
[2025-06-30 21:48:22] [extract_extradata @ 0x5b51a9a194c0] nal_unit_type: 1(Coded slice of a non-IDR picture), nal_ref_idc: 0
[2025-06-30 21:48:22] [h264 @ 0x5b51a9a64d40] nal_unit_type: 9(AUD), nal_ref_idc: 0
[2025-06-30 21:48:22] [h264 @ 0x5b51a9a64d40] nal_unit_type: 1(Coded slice of a non-IDR picture), nal_ref_idc: 0
[2025-06-30 21:48:22] [h264 @ 0x5b51a9a64d40] non-existing PPS 0 referenced
[2025-06-30 21:48:22] [h264 @ 0x5b51a9a64d40] decode_slice_header error
[2025-06-30 21:48:22] [h264 @ 0x5b51a9a64d40] no frame!
[2025-06-30 21:48:22] [h264 @ 0x5b51a9a64d40] non-existing PPS 0 referenced
[2025-06-30 21:48:22] [extract_extradata @ 0x5b51a9a194c0] nal_unit_type: 9(AUD), nal_ref_idc: 0
[2025-06-30 21:48:22] [extract_extradata @ 0x5b51a9a194c0] nal_unit_type: 1(Coded slice of a non-IDR picture), nal_ref_idc: 0
[2025-06-30 21:48:22] [h264 @ 0x5b51a9a64d40] nal_unit_type: 9(AUD), nal_ref_idc: 0
[2025-06-30 21:48:22] [h264 @ 0x5b51a9a64d40] nal_unit_type: 1(Coded slice of a non-IDR picture), nal_ref_idc: 0
[2025-06-30 21:48:22] [h264 @ 0x5b51a9a64d40] non-existing PPS 0 referenced
[2025-06-30 21:48:22] [h264 @ 0x5b51a9a64d40] decode_slice_header error
[2025-06-30 21:48:22] [h264 @ 0x5b51a9a64d40] no frame!
[2025-06-30 21:48:22] [rtp @ 0x5b51a9a5ad80] probing stream 1 pp:2500
[2025-06-30 21:48:22] [rtp @ 0x5b51a9a5ad80] Probe with size=2572, packets=1 detected aac with score=51
[2025-06-30 21:48:22] [rtp @ 0x5b51a9a5ad80] probed stream 1
[2025-06-30 21:48:22] For transform of length 120, inverse, mdct_float, flags: [aligned, out_of_place], found 6 matches:
[2025-06-30 21:48:22]     1: mdct_inv_float_avx2 - type: mdct_float, len: [16, ∞], factors[2]: [2, any], flags: [aligned, out_of_place, inv_only], prio: 511
[2025-06-30 21:48:22]     2: mdct_pfa_15xM_inv_float_c - type: mdct_float, len: [30, ∞], factors[2]: [15, any], flags: [unaligned, out_of_place, inv_only], prio: 304
[2025-06-30 21:48:22]     3: mdct_pfa_5xM_inv_float_c - type: mdct_float, len: [10, ∞], factors[2]: [5, any], flags: [unaligned, out_of_place, inv_only], prio: 144
[2025-06-30 21:48:22]     4: mdct_pfa_3xM_inv_float_c - type: mdct_float, len: [6, ∞], factors[2]: [3, any], flags: [unaligned, out_of_place, inv_only], prio: 112
[2025-06-30 21:48:22]     5: mdct_inv_float_c - type: mdct_float, len: [2, ∞], factors[2]: [2, any], flags: [unaligned, out_of_place, inv_only], prio: 96
[2025-06-30 21:48:22]     6: mdct_naive_inv_float_c - type: mdct_float, len: [2, ∞], factors[2]: [2, any], flags: [unaligned, out_of_place, inv_only], prio: -130976
[2025-06-30 21:48:22] For transform of length 60, inverse, fft_float, flags: [aligned, inplace, preshuf, asm_call], found 1 matches:
[2025-06-30 21:48:22]     1: fft_pfa_15xM_asm_float_avx2 - type: fft_float, len: [60, ∞], factors[2]: [15, 2], flags: [aligned, inplace, out_of_place, preshuf, asm_call], prio: 655
[2025-06-30 21:48:22] For transform of length 4, inverse, fft_float, flags: [aligned, inplace, preshuf, asm_call], found 1 matches:
[2025-06-30 21:48:22]     1: fft4_fwd_asm_float_sse2 - type: fft_float, len: 4, factor: 2, flags: [aligned, inplace, out_of_place, preshuf, asm_call], prio: 352
[2025-06-30 21:48:22] Transform tree:
[2025-06-30 21:48:22]     mdct_inv_float_avx2 - type: mdct_float, len: 120, factors[2]: [2, any], flags: [aligned, out_of_place, inv_only]
[2025-06-30 21:48:22]         fft_pfa_15xM_asm_float_avx2 - type: fft_float, len: 60, factors[2]: [15, 2], flags: [aligned, inplace, out_of_place, preshuf, asm_call]
[2025-06-30 21:48:22]             fft4_fwd_asm_float_sse2 - type: fft_float, len: 4, factor: 2, flags: [aligned, inplace, out_of_place, preshuf, asm_call]
[2025-06-30 21:48:22] For transform of length 128, inverse, mdct_float, flags: [aligned, out_of_place], found 3 matches:
[2025-06-30 21:48:22]     1: mdct_inv_float_avx2 - type: mdct_float, len: [16, ∞], factors[2]: [2, any], flags: [aligned, out_of_place, inv_only], prio: 511
[2025-06-30 21:48:22]     2: mdct_inv_float_c - type: mdct_float, len: [2, ∞], factors[2]: [2, any], flags: [unaligned, out_of_place, inv_only], prio: 96
[2025-06-30 21:48:22]     3: mdct_naive_inv_float_c - type: mdct_float, len: [2, ∞], factors[2]: [2, any], flags: [unaligned, out_of_place, inv_only], prio: -130976
[2025-06-30 21:48:22] For transform of length 64, inverse, fft_float, flags: [aligned, inplace, preshuf, asm_call], found 3 matches:
[2025-06-30 21:48:22]     1: fft_sr_asm_float_fma3 - type: fft_float, len: [64, 131072], factor: 2, flags: [aligned, inplace, out_of_place, preshuf, asm_call], prio: 448
[2025-06-30 21:48:22]     2: fft_sr_asm_float_avx2 - type: fft_float, len: [64, 131072], factor: 2, flags: [aligned, inplace, out_of_place, preshuf, asm_call], prio: 447
[2025-06-30 21:48:22]     3: fft_sr_asm_float_avx - type: fft_float, len: [64, 131072], factor: 2, flags: [aligned, inplace, out_of_place, preshuf, asm_call], prio: 416
[2025-06-30 21:48:22] Transform tree:
[2025-06-30 21:48:22]     mdct_inv_float_avx2 - type: mdct_float, len: 128, factors[2]: [2, any], flags: [aligned, out_of_place, inv_only]
[2025-06-30 21:48:22]         fft_sr_asm_float_fma3 - type: fft_float, len: 64, factor: 2, flags: [aligned, inplace, out_of_place, preshuf, asm_call]
[2025-06-30 21:48:22] For transform of length 480, inverse, mdct_float, flags: [aligned, out_of_place], found 6 matches:
[2025-06-30 21:48:22]     1: mdct_inv_float_avx2 - type: mdct_float, len: [16, ∞], factors[2]: [2, any], flags: [aligned, out_of_place, inv_only], prio: 511
[2025-06-30 21:48:22]     2: mdct_pfa_15xM_inv_float_c - type: mdct_float, len: [30, ∞], factors[2]: [15, any], flags: [unaligned, out_of_place, inv_only], prio: 304
[2025-06-30 21:48:22]     3: mdct_pfa_5xM_inv_float_c - type: mdct_float, len: [10, ∞], factors[2]: [5, any], flags: [unaligned, out_of_place, inv_only], prio: 144
[2025-06-30 21:48:22]     4: mdct_pfa_3xM_inv_float_c - type: mdct_float, len: [6, ∞], factors[2]: [3, any], flags: [unaligned, out_of_place, inv_only], prio: 112
[2025-06-30 21:48:22]     5: mdct_inv_float_c - type: mdct_float, len: [2, ∞], factors[2]: [2, any], flags: [unaligned, out_of_place, inv_only], prio: 96
[2025-06-30 21:48:22]     6: mdct_naive_inv_float_c - type: mdct_float, len: [2, ∞], factors[2]: [2, any], flags: [unaligned, out_of_place, inv_only], prio: -130976
[2025-06-30 21:48:22] For transform of length 240, inverse, fft_float, flags: [aligned, inplace, preshuf, asm_call], found 1 matches:
[2025-06-30 21:48:22]     1: fft_pfa_15xM_asm_float_avx2 - type: fft_float, len: [60, ∞], factors[2]: [15, 2], flags: [aligned, inplace, out_of_place, preshuf, asm_call], prio: 655
[2025-06-30 21:48:22] For transform of length 16, inverse, fft_float, flags: [aligned, inplace, preshuf, asm_call], found 2 matches:
[2025-06-30 21:48:22]     1: fft16_asm_float_fma3 - type: fft_float, len: 16, factor: 2, flags: [aligned, inplace, out_of_place, preshuf, asm_call], prio: 512
[2025-06-30 21:48:22]     2: fft16_asm_float_avx - type: fft_float, len: 16, factor: 2, flags: [aligned, inplace, out_of_place, preshuf, asm_call], prio: 480
[2025-06-30 21:48:22] Transform tree:
[2025-06-30 21:48:22]     mdct_inv_float_avx2 - type: mdct_float, len: 480, factors[2]: [2, any], flags: [aligned, out_of_place, inv_only]
[2025-06-30 21:48:22]         fft_pfa_15xM_asm_float_avx2 - type: fft_float, len: 240, factors[2]: [15, 2], flags: [aligned, inplace, out_of_place, preshuf, asm_call]
[2025-06-30 21:48:22]             fft16_asm_float_fma3 - type: fft_float, len: 16, factor: 2, flags: [aligned, inplace, out_of_place, preshuf, asm_call]
[2025-06-30 21:48:22] For transform of length 512, inverse, mdct_float, flags: [aligned, out_of_place], found 3 matches:
[2025-06-30 21:48:22]     1: mdct_inv_float_avx2 - type: mdct_float, len: [16, ∞], factors[2]: [2, any], flags: [aligned, out_of_place, inv_only], prio: 511
[2025-06-30 21:48:22]     2: mdct_inv_float_c - type: mdct_float, len: [2, ∞], factors[2]: [2, any], flags: [unaligned, out_of_place, inv_only], prio: 96
[2025-06-30 21:48:22]     3: mdct_naive_inv_float_c - type: mdct_float, len: [2, ∞], factors[2]: [2, any], flags: [unaligned, out_of_place, inv_only], prio: -130976
[2025-06-30 21:48:22] For transform of length 256, inverse, fft_float, flags: [aligned, inplace, preshuf, asm_call], found 3 matches:
[2025-06-30 21:48:22]     1: fft_sr_asm_float_fma3 - type: fft_float, len: [64, 131072], factor: 2, flags: [aligned, inplace, out_of_place, preshuf, asm_call], prio: 448
[2025-06-30 21:48:22]     2: fft_sr_asm_float_avx2 - type: fft_float, len: [64, 131072], factor: 2, flags: [aligned, inplace, out_of_place, preshuf, asm_call], prio: 447
[2025-06-30 21:48:22]     3: fft_sr_asm_float_avx - type: fft_float, len: [64, 131072], factor: 2, flags: [aligned, inplace, out_of_place, preshuf, asm_call], prio: 416
[2025-06-30 21:48:22] Transform tree:
[2025-06-30 21:48:22]     mdct_inv_float_avx2 - type: mdct_float, len: 512, factors[2]: [2, any], flags: [aligned, out_of_place, inv_only]
[2025-06-30 21:48:22]         fft_sr_asm_float_fma3 - type: fft_float, len: 256, factor: 2, flags: [aligned, inplace, out_of_place, preshuf, asm_call]
[2025-06-30 21:48:22] For transform of length 960, inverse, mdct_float, flags: [aligned, out_of_place], found 6 matches:
[2025-06-30 21:48:22]     1: mdct_inv_float_avx2 - type: mdct_float, len: [16, ∞], factors[2]: [2, any], flags: [aligned, out_of_place, inv_only], prio: 511
[2025-06-30 21:48:22]     2: mdct_pfa_15xM_inv_float_c - type: mdct_float, len: [30, ∞], factors[2]: [15, any], flags: [unaligned, out_of_place, inv_only], prio: 304
[2025-06-30 21:48:22]     3: mdct_pfa_5xM_inv_float_c - type: mdct_float, len: [10, ∞], factors[2]: [5, any], flags: [unaligned, out_of_place, inv_only], prio: 144
[2025-06-30 21:48:22]     4: mdct_pfa_3xM_inv_float_c - type: mdct_float, len: [6, ∞], factors[2]: [3, any], flags: [unaligned, out_of_place, inv_only], prio: 112
[2025-06-30 21:48:22]     5: mdct_inv_float_c - type: mdct_float, len: [2, ∞], factors[2]: [2, any], flags: [unaligned, out_of_place, inv_only], prio: 96
[2025-06-30 21:48:22]     6: mdct_naive_inv_float_c - type: mdct_float, len: [2, ∞], factors[2]: [2, any], flags: [unaligned, out_of_place, inv_only], prio: -130976
[2025-06-30 21:48:22] For transform of length 480, inverse, fft_float, flags: [aligned, inplace, preshuf, asm_call], found 1 matches:
[2025-06-30 21:48:22]     1: fft_pfa_15xM_asm_float_avx2 - type: fft_float, len: [60, ∞], factors[2]: [15, 2], flags: [aligned, inplace, out_of_place, preshuf, asm_call], prio: 655
[2025-06-30 21:48:22] For transform of length 32, inverse, fft_float, flags: [aligned, inplace, preshuf, asm_call], found 2 matches:
[2025-06-30 21:48:22]     1: fft32_asm_float_fma3 - type: fft_float, len: 32, factor: 2, flags: [aligned, inplace, out_of_place, preshuf, asm_call], prio: 512
[2025-06-30 21:48:22]     2: fft32_asm_float_avx - type: fft_float, len: 32, factor: 2, flags: [aligned, inplace, out_of_place, preshuf, asm_call], prio: 480
[2025-06-30 21:48:22] Transform tree:
[2025-06-30 21:48:22]     mdct_inv_float_avx2 - type: mdct_float, len: 960, factors[2]: [2, any], flags: [aligned, out_of_place, inv_only]
[2025-06-30 21:48:22]         fft_pfa_15xM_asm_float_avx2 - type: fft_float, len: 480, factors[2]: [15, 2], flags: [aligned, inplace, out_of_place, preshuf, asm_call]
[2025-06-30 21:48:22]             fft32_asm_float_fma3 - type: fft_float, len: 32, factor: 2, flags: [aligned, inplace, out_of_place, preshuf, asm_call]
[2025-06-30 21:48:22] For transform of length 1024, inverse, mdct_float, flags: [aligned, out_of_place], found 3 matches:
[2025-06-30 21:48:22]     1: mdct_inv_float_avx2 - type: mdct_float, len: [16, ∞], factors[2]: [2, any], flags: [aligned, out_of_place, inv_only], prio: 511
[2025-06-30 21:48:22]     2: mdct_inv_float_c - type: mdct_float, len: [2, ∞], factors[2]: [2, any], flags: [unaligned, out_of_place, inv_only], prio: 96
[2025-06-30 21:48:22]     3: mdct_naive_inv_float_c - type: mdct_float, len: [2, ∞], factors[2]: [2, any], flags: [unaligned, out_of_place, inv_only], prio: -130976
[2025-06-30 21:48:22] For transform of length 512, inverse, fft_float, flags: [aligned, inplace, preshuf, asm_call], found 3 matches:
[2025-06-30 21:48:22]     1: fft_sr_asm_float_fma3 - type: fft_float, len: [64, 131072], factor: 2, flags: [aligned, inplace, out_of_place, preshuf, asm_call], prio: 448
[2025-06-30 21:48:22]     2: fft_sr_asm_float_avx2 - type: fft_float, len: [64, 131072], factor: 2, flags: [aligned, inplace, out_of_place, preshuf, asm_call], prio: 447
[2025-06-30 21:48:22]     3: fft_sr_asm_float_avx - type: fft_float, len: [64, 131072], factor: 2, flags: [aligned, inplace, out_of_place, preshuf, asm_call], prio: 416
[2025-06-30 21:48:22] Transform tree:
[2025-06-30 21:48:22]     mdct_inv_float_avx2 - type: mdct_float, len: 1024, factors[2]: [2, any], flags: [aligned, out_of_place, inv_only]
[2025-06-30 21:48:22]         fft_sr_asm_float_fma3 - type: fft_float, len: 512, factor: 2, flags: [aligned, inplace, out_of_place, preshuf, asm_call]
[2025-06-30 21:48:22] For transform of length 1024, forward, mdct_float, flags: [aligned, out_of_place], found 2 matches:
[2025-06-30 21:48:22]     1: mdct_fwd_float_c - type: mdct_float, len: [2, ∞], factors[2]: [2, any], flags: [unaligned, out_of_place, fwd_only], prio: 96
[2025-06-30 21:48:22]     2: mdct_naive_fwd_float_c - type: mdct_float, len: [2, ∞], factors[2]: [2, any], flags: [unaligned, out_of_place, fwd_only], prio: -130976
[2025-06-30 21:48:22] For transform of length 512, forward, fft_float, flags: [aligned, inplace, preshuf], found 5 matches:
[2025-06-30 21:48:22]     1: fft_sr_ns_float_fma3 - type: fft_float, len: [64, 131072], factor: 2, flags: [aligned, inplace, out_of_place, preshuf], prio: 448
[2025-06-30 21:48:22]     2: fft_sr_ns_float_avx2 - type: fft_float, len: [64, 131072], factor: 2, flags: [aligned, inplace, out_of_place, preshuf], prio: 447
[2025-06-30 21:48:22]     3: fft_sr_ns_float_avx - type: fft_float, len: [64, 131072], factor: 2, flags: [aligned, inplace, out_of_place, preshuf], prio: 416
[2025-06-30 21:48:22]     4: fft_pfa_ns_float_c - type: fft_float, len: [6, ∞], factors[2]: [7, 5, 3, 2, any], flags: [unaligned, inplace, out_of_place, preshuf], prio: 112
[2025-06-30 21:48:22]     5: fft512_ns_float_c - type: fft_float, len: 512, factor: 2, flags: [unaligned, inplace, out_of_place, preshuf], prio: 96
[2025-06-30 21:48:22] Transform tree:
[2025-06-30 21:48:22]     mdct_fwd_float_c - type: mdct_float, len: 1024, factors[2]: [2, any], flags: [unaligned, out_of_place, fwd_only]
[2025-06-30 21:48:22]         fft_sr_ns_float_fma3 - type: fft_float, len: 512, factor: 2, flags: [aligned, inplace, out_of_place, preshuf]
[2025-06-30 21:48:22] For transform of length 64, inverse, mdct_float, flags: [aligned, out_of_place], found 3 matches:
[2025-06-30 21:48:22]     1: mdct_inv_float_avx2 - type: mdct_float, len: [16, ∞], factors[2]: [2, any], flags: [aligned, out_of_place, inv_only], prio: 511
[2025-06-30 21:48:22]     2: mdct_inv_float_c - type: mdct_float, len: [2, ∞], factors[2]: [2, any], flags: [unaligned, out_of_place, inv_only], prio: 96
[2025-06-30 21:48:22]     3: mdct_naive_inv_float_c - type: mdct_float, len: [2, ∞], factors[2]: [2, any], flags: [unaligned, out_of_place, inv_only], prio: -130976
[2025-06-30 21:48:22] For transform of length 32, inverse, fft_float, flags: [aligned, inplace, preshuf, asm_call], found 2 matches:
[2025-06-30 21:48:22]     1: fft32_asm_float_fma3 - type: fft_float, len: 32, factor: 2, flags: [aligned, inplace, out_of_place, preshuf, asm_call], prio: 512
[2025-06-30 21:48:22]     2: fft32_asm_float_avx - type: fft_float, len: 32, factor: 2, flags: [aligned, inplace, out_of_place, preshuf, asm_call], prio: 480
[2025-06-30 21:48:22] Transform tree:
[2025-06-30 21:48:22]     mdct_inv_float_avx2 - type: mdct_float, len: 64, factors[2]: [2, any], flags: [aligned, out_of_place, inv_only]
[2025-06-30 21:48:22]         fft32_asm_float_fma3 - type: fft_float, len: 32, factor: 2, flags: [aligned, inplace, out_of_place, preshuf, asm_call]
[2025-06-30 21:48:22] For transform of length 64, inverse, mdct_float, flags: [aligned, out_of_place], found 3 matches:
[2025-06-30 21:48:22]     1: mdct_inv_float_avx2 - type: mdct_float, len: [16, ∞], factors[2]: [2, any], flags: [aligned, out_of_place, inv_only], prio: 511
[2025-06-30 21:48:22]     2: mdct_inv_float_c - type: mdct_float, len: [2, ∞], factors[2]: [2, any], flags: [unaligned, out_of_place, inv_only], prio: 96
[2025-06-30 21:48:22]     3: mdct_naive_inv_float_c - type: mdct_float, len: [2, ∞], factors[2]: [2, any], flags: [unaligned, out_of_place, inv_only], prio: -130976
[2025-06-30 21:48:22] For transform of length 32, inverse, fft_float, flags: [aligned, inplace, preshuf, asm_call], found 2 matches:
[2025-06-30 21:48:22]     1: fft32_asm_float_fma3 - type: fft_float, len: 32, factor: 2, flags: [aligned, inplace, out_of_place, preshuf, asm_call], prio: 512
[2025-06-30 21:48:22]     2: fft32_asm_float_avx - type: fft_float, len: 32, factor: 2, flags: [aligned, inplace, out_of_place, preshuf, asm_call], prio: 480
[2025-06-30 21:48:22] Transform tree:
[2025-06-30 21:48:22]     mdct_inv_float_avx2 - type: mdct_float, len: 64, factors[2]: [2, any], flags: [aligned, out_of_place, inv_only]
[2025-06-30 21:48:22]         fft32_asm_float_fma3 - type: fft_float, len: 32, factor: 2, flags: [aligned, inplace, out_of_place, preshuf, asm_call]
[2025-06-30 21:48:22] [h264 @ 0x5b51a9a64d40] non-existing PPS 0 referenced
[2025-06-30 21:48:22] [extract_extradata @ 0x5b51a9a194c0] nal_unit_type: 9(AUD), nal_ref_idc: 0
[2025-06-30 21:48:22] [extract_extradata @ 0x5b51a9a194c0] nal_unit_type: 1(Coded slice of a non-IDR picture), nal_ref_idc: 2
[2025-06-30 21:48:22] [h264 @ 0x5b51a9a64d40] nal_unit_type: 9(AUD), nal_ref_idc: 0
[2025-06-30 21:48:22] [h264 @ 0x5b51a9a64d40] nal_unit_type: 1(Coded slice of a non-IDR picture), nal_ref_idc: 2
[2025-06-30 21:48:22] [h264 @ 0x5b51a9a64d40] non-existing PPS 0 referenced
[2025-06-30 21:48:22] [h264 @ 0x5b51a9a64d40] decode_slice_header error
[2025-06-30 21:48:22] [h264 @ 0x5b51a9a64d40] no frame!
[2025-06-30 21:48:22] [h264 @ 0x5b51a9a64d40] non-existing PPS 0 referenced
[2025-06-30 21:48:22] [extract_extradata @ 0x5b51a9a194c0] nal_unit_type: 9(AUD), nal_ref_idc: 0
[2025-06-30 21:48:22] [extract_extradata @ 0x5b51a9a194c0] nal_unit_type: 1(Coded slice of a non-IDR picture), nal_ref_idc: 2
[2025-06-30 21:48:22] [h264 @ 0x5b51a9a64d40] nal_unit_type: 9(AUD), nal_ref_idc: 0
[2025-06-30 21:48:22] [h264 @ 0x5b51a9a64d40] nal_unit_type: 1(Coded slice of a non-IDR picture), nal_ref_idc: 2
[2025-06-30 21:48:22] [h264 @ 0x5b51a9a64d40] non-existing PPS 0 referenced
[2025-06-30 21:48:22] [h264 @ 0x5b51a9a64d40] decode_slice_header error
[2025-06-30 21:48:22] [h264 @ 0x5b51a9a64d40] no frame!
[2025-06-30 21:48:22] [h264 @ 0x5b51a9a64d40] non-existing PPS 0 referenced
[2025-06-30 21:48:22] [extract_extradata @ 0x5b51a9a194c0] nal_unit_type: 9(AUD), nal_ref_idc: 0
[2025-06-30 21:48:22] [extract_extradata @ 0x5b51a9a194c0] nal_unit_type: 1(Coded slice of a non-IDR picture), nal_ref_idc: 0
[2025-06-30 21:48:22] [h264 @ 0x5b51a9a64d40] nal_unit_type: 9(AUD), nal_ref_idc: 0
[2025-06-30 21:48:22] [h264 @ 0x5b51a9a64d40] nal_unit_type: 1(Coded slice of a non-IDR picture), nal_ref_idc: 0
[2025-06-30 21:48:22] [h264 @ 0x5b51a9a64d40] non-existing PPS 0 referenced
[2025-06-30 21:48:22] [h264 @ 0x5b51a9a64d40] decode_slice_header error
[2025-06-30 21:48:22] [h264 @ 0x5b51a9a64d40] no frame!
[2025-06-30 21:48:22] [h264 @ 0x5b51a9a64d40] non-existing PPS 0 referenced
[2025-06-30 21:48:22] [extract_extradata @ 0x5b51a9a194c0] nal_unit_type: 9(AUD), nal_ref_idc: 0
[2025-06-30 21:48:22] [extract_extradata @ 0x5b51a9a194c0] nal_unit_type: 1(Coded slice of a non-IDR picture), nal_ref_idc: 0
[2025-06-30 21:48:22] [h264 @ 0x5b51a9a64d40] nal_unit_type: 9(AUD), nal_ref_idc: 0
[2025-06-30 21:48:22] [h264 @ 0x5b51a9a64d40] nal_unit_type: 1(Coded slice of a non-IDR picture), nal_ref_idc: 0
[2025-06-30 21:48:22] [h264 @ 0x5b51a9a64d40] non-existing PPS 0 referenced
[2025-06-30 21:48:22] [h264 @ 0x5b51a9a64d40] decode_slice_header error
[2025-06-30 21:48:22] [h264 @ 0x5b51a9a64d40] no frame!
[2025-06-30 21:48:22] [h264 @ 0x5b51a9a64d40] non-existing PPS 0 referenced
[2025-06-30 21:48:22] [extract_extradata @ 0x5b51a9a194c0] nal_unit_type: 9(AUD), nal_ref_idc: 0
[2025-06-30 21:48:22] [extract_extradata @ 0x5b51a9a194c0] nal_unit_type: 1(Coded slice of a non-IDR picture), nal_ref_idc: 2
[2025-06-30 21:48:22] [h264 @ 0x5b51a9a64d40] nal_unit_type: 9(AUD), nal_ref_idc: 0
[2025-06-30 21:48:22] [h264 @ 0x5b51a9a64d40] nal_unit_type: 1(Coded slice of a non-IDR picture), nal_ref_idc: 2
[2025-06-30 21:48:22] [h264 @ 0x5b51a9a64d40] non-existing PPS 0 referenced
[2025-06-30 21:48:22] [h264 @ 0x5b51a9a64d40] decode_slice_header error
[2025-06-30 21:48:22] [h264 @ 0x5b51a9a64d40] no frame!
[2025-06-30 21:48:22] [h264 @ 0x5b51a9a64d40] non-existing PPS 0 referenced
[2025-06-30 21:48:22] [extract_extradata @ 0x5b51a9a194c0] nal_unit_type: 9(AUD), nal_ref_idc: 0
[2025-06-30 21:48:22] [extract_extradata @ 0x5b51a9a194c0] nal_unit_type: 1(Coded slice of a non-IDR picture), nal_ref_idc: 2
[2025-06-30 21:48:22] [h264 @ 0x5b51a9a64d40] nal_unit_type: 9(AUD), nal_ref_idc: 0
[2025-06-30 21:48:22] [h264 @ 0x5b51a9a64d40] nal_unit_type: 1(Coded slice of a non-IDR picture), nal_ref_idc: 2
[2025-06-30 21:48:22] [h264 @ 0x5b51a9a64d40] non-existing PPS 0 referenced
[2025-06-30 21:48:22] [h264 @ 0x5b51a9a64d40] decode_slice_header error
[2025-06-30 21:48:22] [h264 @ 0x5b51a9a64d40] no frame!
[2025-06-30 21:48:22] [h264 @ 0x5b51a9a64d40] non-existing PPS 0 referenced
[2025-06-30 21:48:22] [extract_extradata @ 0x5b51a9a194c0] nal_unit_type: 9(AUD), nal_ref_idc: 0
[2025-06-30 21:48:22] [extract_extradata @ 0x5b51a9a194c0] nal_unit_type: 1(Coded slice of a non-IDR picture), nal_ref_idc: 0
[2025-06-30 21:48:22] [h264 @ 0x5b51a9a64d40] nal_unit_type: 9(AUD), nal_ref_idc: 0
[2025-06-30 21:48:22] [h264 @ 0x5b51a9a64d40] nal_unit_type: 1(Coded slice of a non-IDR picture), nal_ref_idc: 0
[2025-06-30 21:48:22] [h264 @ 0x5b51a9a64d40] non-existing PPS 0 referenced
[2025-06-30 21:48:22] [h264 @ 0x5b51a9a64d40] decode_slice_header error
[2025-06-30 21:48:22] [h264 @ 0x5b51a9a64d40] no frame!
[2025-06-30 21:48:22] [h264 @ 0x5b51a9a64d40] non-existing PPS 0 referenced
[2025-06-30 21:48:22] [extract_extradata @ 0x5b51a9a194c0] nal_unit_type: 9(AUD), nal_ref_idc: 0
[2025-06-30 21:48:22] [extract_extradata @ 0x5b51a9a194c0] nal_unit_type: 1(Coded slice of a non-IDR picture), nal_ref_idc: 0
[2025-06-30 21:48:22] [h264 @ 0x5b51a9a64d40] nal_unit_type: 9(AUD), nal_ref_idc: 0
[2025-06-30 21:48:22] [h264 @ 0x5b51a9a64d40] nal_unit_type: 1(Coded slice of a non-IDR picture), nal_ref_idc: 0
[2025-06-30 21:48:22] [h264 @ 0x5b51a9a64d40] non-existing PPS 0 referenced
[2025-06-30 21:48:22] [h264 @ 0x5b51a9a64d40] decode_slice_header error
[2025-06-30 21:48:22] [h264 @ 0x5b51a9a64d40] no frame!
[2025-06-30 21:48:22] [h264 @ 0x5b51a9a64d40] non-existing PPS 0 referenced
[2025-06-30 21:48:22] [extract_extradata @ 0x5b51a9a194c0] nal_unit_type: 9(AUD), nal_ref_idc: 0
[2025-06-30 21:48:22] [extract_extradata @ 0x5b51a9a194c0] nal_unit_type: 1(Coded slice of a non-IDR picture), nal_ref_idc: 2
[2025-06-30 21:48:22] [h264 @ 0x5b51a9a64d40] nal_unit_type: 9(AUD), nal_ref_idc: 0
[2025-06-30 21:48:22] [h264 @ 0x5b51a9a64d40] nal_unit_type: 1(Coded slice of a non-IDR picture), nal_ref_idc: 2
[2025-06-30 21:48:22] [h264 @ 0x5b51a9a64d40] non-existing PPS 0 referenced
[2025-06-30 21:48:22] [h264 @ 0x5b51a9a64d40] decode_slice_header error
[2025-06-30 21:48:22] [h264 @ 0x5b51a9a64d40] no frame!
[2025-06-30 21:48:23] [h264 @ 0x5b51a9a64d40] non-existing PPS 0 referenced
[2025-06-30 21:48:23] [extract_extradata @ 0x5b51a9a194c0] nal_unit_type: 9(AUD), nal_ref_idc: 0
[2025-06-30 21:48:23] [extract_extradata @ 0x5b51a9a194c0] nal_unit_type: 1(Coded slice of a non-IDR picture), nal_ref_idc: 2
[2025-06-30 21:48:23] [h264 @ 0x5b51a9a64d40] nal_unit_type: 9(AUD), nal_ref_idc: 0
[2025-06-30 21:48:23] [h264 @ 0x5b51a9a64d40] nal_unit_type: 1(Coded slice of a non-IDR picture), nal_ref_idc: 2
[2025-06-30 21:48:23] [h264 @ 0x5b51a9a64d40] non-existing PPS 0 referenced
[2025-06-30 21:48:23] [h264 @ 0x5b51a9a64d40] decode_slice_header error
[2025-06-30 21:48:23] [h264 @ 0x5b51a9a64d40] no frame!
[2025-06-30 21:48:23] [h264 @ 0x5b51a9a64d40] non-existing PPS 0 referenced
[2025-06-30 21:48:23] [extract_extradata @ 0x5b51a9a194c0] nal_unit_type: 9(AUD), nal_ref_idc: 0
[2025-06-30 21:48:23] [extract_extradata @ 0x5b51a9a194c0] nal_unit_type: 1(Coded slice of a non-IDR picture), nal_ref_idc: 0
[2025-06-30 21:48:23] [h264 @ 0x5b51a9a64d40] nal_unit_type: 9(AUD), nal_ref_idc: 0
[2025-06-30 21:48:23] [h264 @ 0x5b51a9a64d40] nal_unit_type: 1(Coded slice of a non-IDR picture), nal_ref_idc: 0
[2025-06-30 21:48:23] [h264 @ 0x5b51a9a64d40] non-existing PPS 0 referenced
[2025-06-30 21:48:23] [h264 @ 0x5b51a9a64d40] decode_slice_header error
[2025-06-30 21:48:23] [h264 @ 0x5b51a9a64d40] no frame!
[2025-06-30 21:48:23] [h264 @ 0x5b51a9a64d40] non-existing PPS 0 referenced
[2025-06-30 21:48:23] [extract_extradata @ 0x5b51a9a194c0] nal_unit_type: 9(AUD), nal_ref_idc: 0
[2025-06-30 21:48:23] [extract_extradata @ 0x5b51a9a194c0] nal_unit_type: 1(Coded slice of a non-IDR picture), nal_ref_idc: 0
[2025-06-30 21:48:23] [h264 @ 0x5b51a9a64d40] nal_unit_type: 9(AUD), nal_ref_idc: 0
[2025-06-30 21:48:23] [h264 @ 0x5b51a9a64d40] nal_unit_type: 1(Coded slice of a non-IDR picture), nal_ref_idc: 0
[2025-06-30 21:48:23] [h264 @ 0x5b51a9a64d40] non-existing PPS 0 referenced
[2025-06-30 21:48:23] [h264 @ 0x5b51a9a64d40] decode_slice_header error
[2025-06-30 21:48:23] [h264 @ 0x5b51a9a64d40] no frame!
[2025-06-30 21:48:23] [h264 @ 0x5b51a9a64d40] non-existing PPS 0 referenced
[2025-06-30 21:48:23] [extract_extradata @ 0x5b51a9a194c0] nal_unit_type: 9(AUD), nal_ref_idc: 0
[2025-06-30 21:48:23] [extract_extradata @ 0x5b51a9a194c0] nal_unit_type: 1(Coded slice of a non-IDR picture), nal_ref_idc: 2
[2025-06-30 21:48:23] [h264 @ 0x5b51a9a64d40] nal_unit_type: 9(AUD), nal_ref_idc: 0
[2025-06-30 21:48:23] [h264 @ 0x5b51a9a64d40] nal_unit_type: 1(Coded slice of a non-IDR picture), nal_ref_idc: 2
[2025-06-30 21:48:23] [h264 @ 0x5b51a9a64d40] non-existing PPS 0 referenced
[2025-06-30 21:48:23] [h264 @ 0x5b51a9a64d40] decode_slice_header error
[2025-06-30 21:48:23] [h264 @ 0x5b51a9a64d40] no frame!
[2025-06-30 21:48:23] [h264 @ 0x5b51a9a64d40] non-existing PPS 0 referenced
[2025-06-30 21:48:23] [extract_extradata @ 0x5b51a9a194c0] nal_unit_type: 9(AUD), nal_ref_idc: 0
[2025-06-30 21:48:23] [extract_extradata @ 0x5b51a9a194c0] nal_unit_type: 1(Coded slice of a non-IDR picture), nal_ref_idc: 2
[2025-06-30 21:48:23] [h264 @ 0x5b51a9a64d40] nal_unit_type: 9(AUD), nal_ref_idc: 0
[2025-06-30 21:48:23] [h264 @ 0x5b51a9a64d40] nal_unit_type: 1(Coded slice of a non-IDR picture), nal_ref_idc: 2
[2025-06-30 21:48:23] [h264 @ 0x5b51a9a64d40] non-existing PPS 0 referenced
[2025-06-30 21:48:23] [h264 @ 0x5b51a9a64d40] decode_slice_header error
[2025-06-30 21:48:23] [h264 @ 0x5b51a9a64d40] no frame!
[2025-06-30 21:48:23] [h264 @ 0x5b51a9a64d40] non-existing PPS 0 referenced
[2025-06-30 21:48:23] [extract_extradata @ 0x5b51a9a194c0] nal_unit_type: 9(AUD), nal_ref_idc: 0
[2025-06-30 21:48:23] [extract_extradata @ 0x5b51a9a194c0] nal_unit_type: 1(Coded slice of a non-IDR picture), nal_ref_idc: 0
[2025-06-30 21:48:23] [h264 @ 0x5b51a9a64d40] nal_unit_type: 9(AUD), nal_ref_idc: 0
[2025-06-30 21:48:23] [h264 @ 0x5b51a9a64d40] nal_unit_type: 1(Coded slice of a non-IDR picture), nal_ref_idc: 0
[2025-06-30 21:48:23] [h264 @ 0x5b51a9a64d40] non-existing PPS 0 referenced
[2025-06-30 21:48:23] [h264 @ 0x5b51a9a64d40] decode_slice_header error
[2025-06-30 21:48:23] [h264 @ 0x5b51a9a64d40] no frame!
[2025-06-30 21:48:23] [h264 @ 0x5b51a9a64d40] non-existing PPS 0 referenced
[2025-06-30 21:48:23] [extract_extradata @ 0x5b51a9a194c0] nal_unit_type: 9(AUD), nal_ref_idc: 0
[2025-06-30 21:48:23] [extract_extradata @ 0x5b51a9a194c0] nal_unit_type: 1(Coded slice of a non-IDR picture), nal_ref_idc: 0
[2025-06-30 21:48:23] [h264 @ 0x5b51a9a64d40] nal_unit_type: 9(AUD), nal_ref_idc: 0
[2025-06-30 21:48:23] [h264 @ 0x5b51a9a64d40] nal_unit_type: 1(Coded slice of a non-IDR picture), nal_ref_idc: 0
[2025-06-30 21:48:23] [h264 @ 0x5b51a9a64d40] non-existing PPS 0 referenced
[2025-06-30 21:48:23] [h264 @ 0x5b51a9a64d40] decode_slice_header error
[2025-06-30 21:48:23] [h264 @ 0x5b51a9a64d40] no frame!
[2025-06-30 21:48:23] [h264 @ 0x5b51a9a64d40] non-existing PPS 0 referenced
[2025-06-30 21:48:23] [extract_extradata @ 0x5b51a9a194c0] nal_unit_type: 9(AUD), nal_ref_idc: 0
[2025-06-30 21:48:23] [extract_extradata @ 0x5b51a9a194c0] nal_unit_type: 1(Coded slice of a non-IDR picture), nal_ref_idc: 2
[2025-06-30 21:48:23] [h264 @ 0x5b51a9a64d40] nal_unit_type: 9(AUD), nal_ref_idc: 0
[2025-06-30 21:48:23] [h264 @ 0x5b51a9a64d40] nal_unit_type: 1(Coded slice of a non-IDR picture), nal_ref_idc: 2
[2025-06-30 21:48:23] [h264 @ 0x5b51a9a64d40] non-existing PPS 0 referenced
[2025-06-30 21:48:23] [h264 @ 0x5b51a9a64d40] decode_slice_header error
[2025-06-30 21:48:23] [h264 @ 0x5b51a9a64d40] no frame!
[2025-06-30 21:48:23] [h264 @ 0x5b51a9a64d40] non-existing PPS 0 referenced
[2025-06-30 21:48:23] [extract_extradata @ 0x5b51a9a194c0] nal_unit_type: 9(AUD), nal_ref_idc: 0
[2025-06-30 21:48:23] [extract_extradata @ 0x5b51a9a194c0] nal_unit_type: 1(Coded slice of a non-IDR picture), nal_ref_idc: 2
[2025-06-30 21:48:23] [h264 @ 0x5b51a9a64d40] nal_unit_type: 9(AUD), nal_ref_idc: 0
[2025-06-30 21:48:23] [h264 @ 0x5b51a9a64d40] nal_unit_type: 1(Coded slice of a non-IDR picture), nal_ref_idc: 2
[2025-06-30 21:48:23] [h264 @ 0x5b51a9a64d40] non-existing PPS 0 referenced
[2025-06-30 21:48:23] [h264 @ 0x5b51a9a64d40] decode_slice_header error
[2025-06-30 21:48:23] [h264 @ 0x5b51a9a64d40] no frame!
[2025-06-30 21:48:23] [h264 @ 0x5b51a9a64d40] non-existing PPS 0 referenced
[2025-06-30 21:48:23] [extract_extradata @ 0x5b51a9a194c0] nal_unit_type: 9(AUD), nal_ref_idc: 0
[2025-06-30 21:48:23] [extract_extradata @ 0x5b51a9a194c0] nal_unit_type: 1(Coded slice of a non-IDR picture), nal_ref_idc: 0
[2025-06-30 21:48:23] [h264 @ 0x5b51a9a64d40] nal_unit_type: 9(AUD), nal_ref_idc: 0
[2025-06-30 21:48:23] [h264 @ 0x5b51a9a64d40] nal_unit_type: 1(Coded slice of a non-IDR picture), nal_ref_idc: 0
[2025-06-30 21:48:23] [h264 @ 0x5b51a9a64d40] non-existing PPS 0 referenced
[2025-06-30 21:48:23] [h264 @ 0x5b51a9a64d40] decode_slice_header error
[2025-06-30 21:48:23] [h264 @ 0x5b51a9a64d40] no frame!
[2025-06-30 21:48:23] [h264 @ 0x5b51a9a64d40] non-existing PPS 0 referenced
[2025-06-30 21:48:23] [extract_extradata @ 0x5b51a9a194c0] nal_unit_type: 9(AUD), nal_ref_idc: 0
[2025-06-30 21:48:23] [extract_extradata @ 0x5b51a9a194c0] nal_unit_type: 1(Coded slice of a non-IDR picture), nal_ref_idc: 0
[2025-06-30 21:48:23] [h264 @ 0x5b51a9a64d40] nal_unit_type: 9(AUD), nal_ref_idc: 0
[2025-06-30 21:48:23] [h264 @ 0x5b51a9a64d40] nal_unit_type: 1(Coded slice of a non-IDR picture), nal_ref_idc: 0
[2025-06-30 21:48:23] [h264 @ 0x5b51a9a64d40] non-existing PPS 0 referenced
[2025-06-30 21:48:23] [h264 @ 0x5b51a9a64d40] decode_slice_header error
[2025-06-30 21:48:23] [h264 @ 0x5b51a9a64d40] no frame!
[2025-06-30 21:48:23] [h264 @ 0x5b51a9a64d40] non-existing PPS 0 referenced
[2025-06-30 21:48:23] [extract_extradata @ 0x5b51a9a194c0] nal_unit_type: 9(AUD), nal_ref_idc: 0
[2025-06-30 21:48:23] [extract_extradata @ 0x5b51a9a194c0] nal_unit_type: 1(Coded slice of a non-IDR picture), nal_ref_idc: 2
[2025-06-30 21:48:23] [h264 @ 0x5b51a9a64d40] nal_unit_type: 9(AUD), nal_ref_idc: 0
[2025-06-30 21:48:23] [h264 @ 0x5b51a9a64d40] nal_unit_type: 1(Coded slice of a non-IDR picture), nal_ref_idc: 2
[2025-06-30 21:48:23] [h264 @ 0x5b51a9a64d40] non-existing PPS 0 referenced
[2025-06-30 21:48:23] [h264 @ 0x5b51a9a64d40] decode_slice_header error
[2025-06-30 21:48:23] [h264 @ 0x5b51a9a64d40] no frame!
[2025-06-30 21:48:23] [h264 @ 0x5b51a9a64d40] non-existing PPS 0 referenced
[2025-06-30 21:48:23] [extract_extradata @ 0x5b51a9a194c0] nal_unit_type: 9(AUD), nal_ref_idc: 0
[2025-06-30 21:48:23] [extract_extradata @ 0x5b51a9a194c0] nal_unit_type: 1(Coded slice of a non-IDR picture), nal_ref_idc: 2
[2025-06-30 21:48:23] [h264 @ 0x5b51a9a64d40] nal_unit_type: 9(AUD), nal_ref_idc: 0
[2025-06-30 21:48:23] [h264 @ 0x5b51a9a64d40] nal_unit_type: 1(Coded slice of a non-IDR picture), nal_ref_idc: 2
[2025-06-30 21:48:23] [h264 @ 0x5b51a9a64d40] non-existing PPS 0 referenced
[2025-06-30 21:48:23] [h264 @ 0x5b51a9a64d40] decode_slice_header error
[2025-06-30 21:48:23] [h264 @ 0x5b51a9a64d40] no frame!
[2025-06-30 21:48:23] [h264 @ 0x5b51a9a64d40] non-existing PPS 0 referenced
[2025-06-30 21:48:23] [extract_extradata @ 0x5b51a9a194c0] nal_unit_type: 9(AUD), nal_ref_idc: 0
[2025-06-30 21:48:23] [extract_extradata @ 0x5b51a9a194c0] nal_unit_type: 1(Coded slice of a non-IDR picture), nal_ref_idc: 0
[2025-06-30 21:48:23] [h264 @ 0x5b51a9a64d40] nal_unit_type: 9(AUD), nal_ref_idc: 0
[2025-06-30 21:48:23] [h264 @ 0x5b51a9a64d40] nal_unit_type: 1(Coded slice of a non-IDR picture), nal_ref_idc: 0
[2025-06-30 21:48:23] [h264 @ 0x5b51a9a64d40] non-existing PPS 0 referenced
[2025-06-30 21:48:23] [h264 @ 0x5b51a9a64d40] decode_slice_header error
[2025-06-30 21:48:23] [h264 @ 0x5b51a9a64d40] no frame!
[2025-06-30 21:48:23] [h264 @ 0x5b51a9a64d40] non-existing PPS 0 referenced
[2025-06-30 21:48:23] [extract_extradata @ 0x5b51a9a194c0] nal_unit_type: 9(AUD), nal_ref_idc: 0
[2025-06-30 21:48:23] [extract_extradata @ 0x5b51a9a194c0] nal_unit_type: 1(Coded slice of a non-IDR picture), nal_ref_idc: 0
[2025-06-30 21:48:23] [h264 @ 0x5b51a9a64d40] nal_unit_type: 9(AUD), nal_ref_idc: 0
[2025-06-30 21:48:23] [h264 @ 0x5b51a9a64d40] nal_unit_type: 1(Coded slice of a non-IDR picture), nal_ref_idc: 0
[2025-06-30 21:48:23] [h264 @ 0x5b51a9a64d40] non-existing PPS 0 referenced
[2025-06-30 21:48:23] [h264 @ 0x5b51a9a64d40] decode_slice_header error
[2025-06-30 21:48:23] [h264 @ 0x5b51a9a64d40] no frame!
[2025-06-30 21:48:23] [h264 @ 0x5b51a9a64d40] non-existing PPS 0 referenced
[2025-06-30 21:48:23] [extract_extradata @ 0x5b51a9a194c0] nal_unit_type: 9(AUD), nal_ref_idc: 0
[2025-06-30 21:48:23] [extract_extradata @ 0x5b51a9a194c0] nal_unit_type: 1(Coded slice of a non-IDR picture), nal_ref_idc: 2
[2025-06-30 21:48:23] [h264 @ 0x5b51a9a64d40] nal_unit_type: 9(AUD), nal_ref_idc: 0
[2025-06-30 21:48:23] [h264 @ 0x5b51a9a64d40] nal_unit_type: 1(Coded slice of a non-IDR picture), nal_ref_idc: 2
[2025-06-30 21:48:23] [h264 @ 0x5b51a9a64d40] non-existing PPS 0 referenced
[2025-06-30 21:48:23] [h264 @ 0x5b51a9a64d40] decode_slice_header error
[2025-06-30 21:48:23] [h264 @ 0x5b51a9a64d40] no frame!
[2025-06-30 21:48:23] [h264 @ 0x5b51a9a64d40] non-existing PPS 0 referenced
[2025-06-30 21:48:23] [extract_extradata @ 0x5b51a9a194c0] nal_unit_type: 9(AUD), nal_ref_idc: 0
[2025-06-30 21:48:23] [extract_extradata @ 0x5b51a9a194c0] nal_unit_type: 1(Coded slice of a non-IDR picture), nal_ref_idc: 2
[2025-06-30 21:48:23] [h264 @ 0x5b51a9a64d40] nal_unit_type: 9(AUD), nal_ref_idc: 0
[2025-06-30 21:48:23] [h264 @ 0x5b51a9a64d40] nal_unit_type: 1(Coded slice of a non-IDR picture), nal_ref_idc: 2
[2025-06-30 21:48:23] [h264 @ 0x5b51a9a64d40] non-existing PPS 0 referenced
[2025-06-30 21:48:23] [h264 @ 0x5b51a9a64d40] decode_slice_header error
[2025-06-30 21:48:23] [h264 @ 0x5b51a9a64d40] no frame!
[2025-06-30 21:48:23] [h264 @ 0x5b51a9a64d40] non-existing PPS 0 referenced
[2025-06-30 21:48:23] [extract_extradata @ 0x5b51a9a194c0] nal_unit_type: 9(AUD), nal_ref_idc: 0
[2025-06-30 21:48:23] [extract_extradata @ 0x5b51a9a194c0] nal_unit_type: 1(Coded slice of a non-IDR picture), nal_ref_idc: 0
[2025-06-30 21:48:23] [h264 @ 0x5b51a9a64d40] nal_unit_type: 9(AUD), nal_ref_idc: 0
[2025-06-30 21:48:23] [h264 @ 0x5b51a9a64d40] nal_unit_type: 1(Coded slice of a non-IDR picture), nal_ref_idc: 0
[2025-06-30 21:48:23] [h264 @ 0x5b51a9a64d40] non-existing PPS 0 referenced
[2025-06-30 21:48:23] [h264 @ 0x5b51a9a64d40] decode_slice_header error
[2025-06-30 21:48:23] [h264 @ 0x5b51a9a64d40] no frame!
[2025-06-30 21:48:23] [h264 @ 0x5b51a9a64d40] non-existing PPS 0 referenced
[2025-06-30 21:48:23] [extract_extradata @ 0x5b51a9a194c0] nal_unit_type: 9(AUD), nal_ref_idc: 0
[2025-06-30 21:48:23] [extract_extradata @ 0x5b51a9a194c0] nal_unit_type: 1(Coded slice of a non-IDR picture), nal_ref_idc: 2
[2025-06-30 21:48:23] [h264 @ 0x5b51a9a64d40] nal_unit_type: 9(AUD), nal_ref_idc: 0
[2025-06-30 21:48:23] [h264 @ 0x5b51a9a64d40] nal_unit_type: 1(Coded slice of a non-IDR picture), nal_ref_idc: 2
[2025-06-30 21:48:23] [h264 @ 0x5b51a9a64d40] non-existing PPS 0 referenced
[2025-06-30 21:48:23] [h264 @ 0x5b51a9a64d40] decode_slice_header error
[2025-06-30 21:48:23] [h264 @ 0x5b51a9a64d40] no frame!
[2025-06-30 21:48:23] [h264 @ 0x5b51a9a64d40] non-existing PPS 0 referenced
[2025-06-30 21:48:23] [extract_extradata @ 0x5b51a9a194c0] nal_unit_type: 9(AUD), nal_ref_idc: 0
[2025-06-30 21:48:23] [extract_extradata @ 0x5b51a9a194c0] nal_unit_type: 1(Coded slice of a non-IDR picture), nal_ref_idc: 2
[2025-06-30 21:48:23] [h264 @ 0x5b51a9a64d40] nal_unit_type: 9(AUD), nal_ref_idc: 0
[2025-06-30 21:48:23] [h264 @ 0x5b51a9a64d40] nal_unit_type: 1(Coded slice of a non-IDR picture), nal_ref_idc: 2
[2025-06-30 21:48:23] [h264 @ 0x5b51a9a64d40] non-existing PPS 0 referenced
[2025-06-30 21:48:23] [h264 @ 0x5b51a9a64d40] decode_slice_header error
[2025-06-30 21:48:23] [h264 @ 0x5b51a9a64d40] no frame!
[2025-06-30 21:48:23] [h264 @ 0x5b51a9a64d40] non-existing PPS 0 referenced
[2025-06-30 21:48:23] [extract_extradata @ 0x5b51a9a194c0] nal_unit_type: 9(AUD), nal_ref_idc: 0
[2025-06-30 21:48:23] [extract_extradata @ 0x5b51a9a194c0] nal_unit_type: 1(Coded slice of a non-IDR picture), nal_ref_idc: 0
[2025-06-30 21:48:23] [h264 @ 0x5b51a9a64d40] nal_unit_type: 9(AUD), nal_ref_idc: 0
[2025-06-30 21:48:23] [h264 @ 0x5b51a9a64d40] nal_unit_type: 1(Coded slice of a non-IDR picture), nal_ref_idc: 0
[2025-06-30 21:48:23] [h264 @ 0x5b51a9a64d40] non-existing PPS 0 referenced
[2025-06-30 21:48:23] [h264 @ 0x5b51a9a64d40] decode_slice_header error
[2025-06-30 21:48:23] [h264 @ 0x5b51a9a64d40] no frame!
[2025-06-30 21:48:23] [h264 @ 0x5b51a9a64d40] non-existing PPS 0 referenced
[2025-06-30 21:48:23] [extract_extradata @ 0x5b51a9a194c0] nal_unit_type: 9(AUD), nal_ref_idc: 0
[2025-06-30 21:48:23] [extract_extradata @ 0x5b51a9a194c0] nal_unit_type: 1(Coded slice of a non-IDR picture), nal_ref_idc: 2
[2025-06-30 21:48:23] [h264 @ 0x5b51a9a64d40] nal_unit_type: 9(AUD), nal_ref_idc: 0
[2025-06-30 21:48:23] [h264 @ 0x5b51a9a64d40] nal_unit_type: 1(Coded slice of a non-IDR picture), nal_ref_idc: 2
[2025-06-30 21:48:23] [h264 @ 0x5b51a9a64d40] non-existing PPS 0 referenced
[2025-06-30 21:48:23] [h264 @ 0x5b51a9a64d40] decode_slice_header error
[2025-06-30 21:48:23] [h264 @ 0x5b51a9a64d40] no frame!
[2025-06-30 21:48:23] [h264 @ 0x5b51a9a64d40] non-existing PPS 0 referenced
[2025-06-30 21:48:23] [extract_extradata @ 0x5b51a9a194c0] nal_unit_type: 9(AUD), nal_ref_idc: 0
[2025-06-30 21:48:23] [extract_extradata @ 0x5b51a9a194c0] nal_unit_type: 1(Coded slice of a non-IDR picture), nal_ref_idc: 2
[2025-06-30 21:48:23] [h264 @ 0x5b51a9a64d40] nal_unit_type: 9(AUD), nal_ref_idc: 0
[2025-06-30 21:48:23] [h264 @ 0x5b51a9a64d40] nal_unit_type: 1(Coded slice of a non-IDR picture), nal_ref_idc: 2
[2025-06-30 21:48:23] [h264 @ 0x5b51a9a64d40] non-existing PPS 0 referenced
[2025-06-30 21:48:23] [h264 @ 0x5b51a9a64d40] decode_slice_header error
[2025-06-30 21:48:23] [h264 @ 0x5b51a9a64d40] no frame!
[2025-06-30 21:48:23] [h264 @ 0x5b51a9a64d40] non-existing PPS 0 referenced
[2025-06-30 21:48:23] [extract_extradata @ 0x5b51a9a194c0] nal_unit_type: 9(AUD), nal_ref_idc: 0
[2025-06-30 21:48:23] [extract_extradata @ 0x5b51a9a194c0] nal_unit_type: 1(Coded slice of a non-IDR picture), nal_ref_idc: 0
[2025-06-30 21:48:23] [h264 @ 0x5b51a9a64d40] nal_unit_type: 9(AUD), nal_ref_idc: 0
[2025-06-30 21:48:23] [h264 @ 0x5b51a9a64d40] nal_unit_type: 1(Coded slice of a non-IDR picture), nal_ref_idc: 0
[2025-06-30 21:48:23] [h264 @ 0x5b51a9a64d40] non-existing PPS 0 referenced
[2025-06-30 21:48:23] [h264 @ 0x5b51a9a64d40] decode_slice_header error
[2025-06-30 21:48:23] [h264 @ 0x5b51a9a64d40] no frame!
[2025-06-30 21:48:23] [h264 @ 0x5b51a9a64d40] non-existing PPS 0 referenced
[2025-06-30 21:48:23] [extract_extradata @ 0x5b51a9a194c0] nal_unit_type: 9(AUD), nal_ref_idc: 0
[2025-06-30 21:48:23] [extract_extradata @ 0x5b51a9a194c0] nal_unit_type: 1(Coded slice of a non-IDR picture), nal_ref_idc: 2
[2025-06-30 21:48:23] [h264 @ 0x5b51a9a64d40] nal_unit_type: 9(AUD), nal_ref_idc: 0
[2025-06-30 21:48:23] [h264 @ 0x5b51a9a64d40] nal_unit_type: 1(Coded slice of a non-IDR picture), nal_ref_idc: 2
[2025-06-30 21:48:23] [h264 @ 0x5b51a9a64d40] non-existing PPS 0 referenced
[2025-06-30 21:48:23] [h264 @ 0x5b51a9a64d40] decode_slice_header error
[2025-06-30 21:48:23] [h264 @ 0x5b51a9a64d40] no frame!
[2025-06-30 21:48:24] [h264 @ 0x5b51a9a64d40] non-existing PPS 0 referenced
[2025-06-30 21:48:24] [extract_extradata @ 0x5b51a9a194c0] nal_unit_type: 9(AUD), nal_ref_idc: 0
[2025-06-30 21:48:24] [extract_extradata @ 0x5b51a9a194c0] nal_unit_type: 1(Coded slice of a non-IDR picture), nal_ref_idc: 2
[2025-06-30 21:48:24] [h264 @ 0x5b51a9a64d40] nal_unit_type: 9(AUD), nal_ref_idc: 0
[2025-06-30 21:48:24] [h264 @ 0x5b51a9a64d40] nal_unit_type: 1(Coded slice of a non-IDR picture), nal_ref_idc: 2
[2025-06-30 21:48:24] [h264 @ 0x5b51a9a64d40] non-existing PPS 0 referenced
[2025-06-30 21:48:24] [h264 @ 0x5b51a9a64d40] decode_slice_header error
[2025-06-30 21:48:24] [h264 @ 0x5b51a9a64d40] no frame!
[2025-06-30 21:48:24] [h264 @ 0x5b51a9a64d40] non-existing PPS 0 referenced
[2025-06-30 21:48:24] [extract_extradata @ 0x5b51a9a194c0] nal_unit_type: 9(AUD), nal_ref_idc: 0
[2025-06-30 21:48:24] [extract_extradata @ 0x5b51a9a194c0] nal_unit_type: 1(Coded slice of a non-IDR picture), nal_ref_idc: 0
[2025-06-30 21:48:24] [h264 @ 0x5b51a9a64d40] nal_unit_type: 9(AUD), nal_ref_idc: 0
[2025-06-30 21:48:24] [h264 @ 0x5b51a9a64d40] nal_unit_type: 1(Coded slice of a non-IDR picture), nal_ref_idc: 0
[2025-06-30 21:48:24] [h264 @ 0x5b51a9a64d40] non-existing PPS 0 referenced
[2025-06-30 21:48:24] [h264 @ 0x5b51a9a64d40] decode_slice_header error
[2025-06-30 21:48:24] [h264 @ 0x5b51a9a64d40] no frame!
[2025-06-30 21:48:24] [h264 @ 0x5b51a9a64d40] non-existing PPS 0 referenced
[2025-06-30 21:48:24] [extract_extradata @ 0x5b51a9a194c0] nal_unit_type: 9(AUD), nal_ref_idc: 0
[2025-06-30 21:48:24] [extract_extradata @ 0x5b51a9a194c0] nal_unit_type: 1(Coded slice of a non-IDR picture), nal_ref_idc: 2
[2025-06-30 21:48:24] [h264 @ 0x5b51a9a64d40] nal_unit_type: 9(AUD), nal_ref_idc: 0
[2025-06-30 21:48:24] [h264 @ 0x5b51a9a64d40] nal_unit_type: 1(Coded slice of a non-IDR picture), nal_ref_idc: 2
[2025-06-30 21:48:24] [h264 @ 0x5b51a9a64d40] non-existing PPS 0 referenced
[2025-06-30 21:48:24] [h264 @ 0x5b51a9a64d40] decode_slice_header error
[2025-06-30 21:48:24] [h264 @ 0x5b51a9a64d40] no frame!
[2025-06-30 21:48:24] [h264 @ 0x5b51a9a64d40] Decoding VUI
[2025-06-30 21:48:24] [extract_extradata @ 0x5b51a9a194c0] nal_unit_type: 9(AUD), nal_ref_idc: 0
[2025-06-30 21:48:24] [extract_extradata @ 0x5b51a9a194c0] nal_unit_type: 7(SPS), nal_ref_idc: 3
[2025-06-30 21:48:24] [extract_extradata @ 0x5b51a9a194c0] nal_unit_type: 8(PPS), nal_ref_idc: 3
[2025-06-30 21:48:24] [extract_extradata @ 0x5b51a9a194c0] nal_unit_type: 5(IDR), nal_ref_idc: 3
[2025-06-30 21:48:24] [h264 @ 0x5b51a9a64d40] nal_unit_type: 9(AUD), nal_ref_idc: 0
[2025-06-30 21:48:24] [h264 @ 0x5b51a9a64d40] nal_unit_type: 7(SPS), nal_ref_idc: 3
[2025-06-30 21:48:24] [h264 @ 0x5b51a9a64d40] nal_unit_type: 8(PPS), nal_ref_idc: 3
[2025-06-30 21:48:24] [h264 @ 0x5b51a9a64d40] nal_unit_type: 5(IDR), nal_ref_idc: 3
[2025-06-30 21:48:24] [h264 @ 0x5b51a9a64d40] Decoding VUI
[2025-06-30 21:48:24] [h264 @ 0x5b51a9a64d40] Format yuv420p chosen by get_format().
[2025-06-30 21:48:24] [h264 @ 0x5b51a9a64d40] Reinit context to 1920x1088, pix_fmt: yuv420p
[2025-06-30 21:48:24] [h264 @ 0x5b51a9a64d40] no picture 
[2025-06-30 21:48:24] [rtp @ 0x5b51a9a5ad80] All info found
[2025-06-30 21:48:24] Input #0, rtp, from 'rtp://192.168.2.99:4004':
[2025-06-30 21:48:24]   Duration: N/A, start: 1.463789, bitrate: N/A
[2025-06-30 21:48:24]   Program 1 
[2025-06-30 21:48:24]     Metadata:
[2025-06-30 21:48:24]       service_name    : Service01
[2025-06-30 21:48:24]       service_provider: FFmpeg
[2025-06-30 21:48:24]   Stream #0:0, 42, 1/90000: Video: h264 (High), 1 reference frame ([27][0][0][0] / 0x001B), yuv420p(tv, bt709, progressive, left), 1920x1080 (1920x1088) [SAR 1:1 DAR 16:9], 0/1, 25 fps, 25 tbr, 90k tbn
[2025-06-30 21:48:24]   Stream #0:1, 72, 1/90000: Audio: aac (LC) ([15][0][0][0] / 0x000F), 44100 Hz, stereo, fltp, 128 kb/s
[2025-06-30 21:48:24] Successfully opened the file.
[2025-06-30 21:48:24] Parsing a group of options: output url capturas/rtp_20250630_21-48-14/recebido_rtp.ts.
[2025-06-30 21:48:24] Applying option c (codec name) with argument copy.
[2025-06-30 21:48:24] Successfully parsed a group of options.
[2025-06-30 21:48:24] Opening an output file: capturas/rtp_20250630_21-48-14/recebido_rtp.ts.
[2025-06-30 21:48:24] [out#0/mpegts @ 0x5b51a9a6bc80] No explicit maps, mapping streams automatically...
[2025-06-30 21:48:24] [vost#0:0/copy @ 0x5b51a9ad05c0] Created video stream from input stream 0:0
[2025-06-30 21:48:24] [aost#0:1/copy @ 0x5b51a9ad1a80] Created audio stream from input stream 0:1
[2025-06-30 21:48:24] [file @ 0x5b51a9a6bd80] Setting default whitelist 'file,crypto,data'
[2025-06-30 21:48:24] [mpegts @ 0x5b51a9a6d300] service 1 using PCR in pid=256, pcr_period=80ms
[2025-06-30 21:48:24] [mpegts @ 0x5b51a9a6d300] muxrate VBR, sdt every 500 ms, pat/pmt every 100 ms
[2025-06-30 21:48:24] Output #0, mpegts, to 'capturas/rtp_20250630_21-48-14/recebido_rtp.ts':
[2025-06-30 21:48:24]   Metadata:
[2025-06-30 21:48:24]     encoder         : Lavf60.16.100
[2025-06-30 21:48:24]   Stream #0:0, 0, 1/90000: Video: h264 (High), 1 reference frame ([27][0][0][0] / 0x001B), yuv420p(tv, bt709, progressive, left), 1920x1080 (0x0) [SAR 1:1 DAR 16:9], 0/1, q=2-31, 25 fps, 25 tbr, 90k tbn
[2025-06-30 21:48:24]   Stream #0:1, 0, 1/90000: Audio: aac (LC) ([15][0][0][0] / 0x000F), 44100 Hz, stereo, fltp, 128 kb/s
[2025-06-30 21:48:24] Successfully opened the file.
[2025-06-30 21:48:24] Stream mapping:
[2025-06-30 21:48:24]   Stream #0:0 -> #0:0 (copy)
[2025-06-30 21:48:24]   Stream #0:1 -> #0:1 (copy)
[2025-06-30 21:48:24] Press [q] to stop, [?] for help
[2025-06-30 21:48:26] size=       0kB time=N/A bitrate=N/A speed=N/A    size=     512kB time=00:00:02.17 bitrate=1927.3kbits/s speed=4.31x    size=     768kB time=00:00:02.69 bitrate=2333.4kbits/s speed=2.63x    size=    1024kB time=00:00:03.21 bitrate=2608.2kbits/s speed=2.08x    size=    1280kB time=00:00:03.69 bitrate=2836.9kbits/s speed=1.79x    size=    1536kB time=00:00:04.17 bitrate=3013.0kbits/s speed=1.62x    [NULL @ 0x5b51a9a64d40] Decoding VUI
[2025-06-30 21:48:31] size=    2048kB time=00:00:04.77 bitrate=3512.7kbits/s speed=1.54x    size=    2304kB time=00:00:05.29 bitrate=3563.7kbits/s speed=1.46x    size=    2560kB time=00:00:05.81 bitrate=3605.7kbits/s speed= 1.4x    size=    2816kB time=00:00:06.29 bitrate=3663.9kbits/s speed=1.35x    size=    3072kB time=00:00:06.77 bitrate=3713.8kbits/s speed=1.31x    size=    3584kB time=00:00:07.37 bitrate=3980.4kbits/s speed=1.29x    size=    3840kB time=00:00:07.89 bitrate=3983.8kbits/s speed=1.27x    size=    4096kB time=00:00:08.41 bitrate=3986.9kbits/s speed=1.25x    [NULL @ 0x5b51a9a64d40] Decoding VUI
[2025-06-30 21:48:33] size=    4352kB time=00:00:08.89 bitrate=4007.5kbits/s speed=1.22x    size=    4608kB time=00:00:09.41 bitrate=4008.9kbits/s speed=1.21x    size=    4864kB time=00:00:09.89 bitrate=4026.4kbits/s speed=1.19x    size=    5120kB time=00:00:10.49 bitrate=3996.0kbits/s speed=1.19x    [NULL @ 0x5b51a9a64d40] Decoding VUI
[2025-06-30 21:48:35] size=    5376kB time=00:00:11.01 bitrate=3997.8kbits/s speed=1.18x    size=    5632kB time=00:00:11.49 bitrate=4013.3kbits/s speed=1.17x    size=    5888kB time=00:00:12.01 bitrate=4014.1kbits/s speed=1.16x    size=    6144kB time=00:00:12.49 bitrate=4027.8kbits/s speed=1.15x    [NULL @ 0x5b51a9a64d40] Decoding VUI
[2025-06-30 21:48:36] size=    6400kB time=00:00:13.09 bitrate=4003.4kbits/s speed=1.15x    size=    6656kB time=00:00:13.61 bitrate=4004.5kbits/s speed=1.14x    size=    6912kB time=00:00:14.13 bitrate=4005.5kbits/s speed=1.13x    [NULL @ 0x5b51a9a64d40] Decoding VUI
[2025-06-30 21:48:37] size=    7424kB time=00:00:15.25 bitrate=3986.4kbits/s speed=1.18x    [NULL @ 0x5b51a9a64d40] Decoding VUI
[2025-06-30 21:48:57] size=    7936kB time=00:00:16.93 bitrate=3838.6kbits/s speed=1.26x    [in#0/rtp @ 0x5b51a9a5ac80] Error during demuxing: Connection timed out
[2025-06-30 21:48:57] [in#0/rtp @ 0x5b51a9a5ac80] Terminating demuxer thread
[2025-06-30 21:48:57] [in#0/rtp @ 0x5b51a9a5ac80] Error retrieving a packet from demuxer: Connection timed out
[2025-06-30 21:48:57] size=    8192kB time=00:00:17.25 bitrate=3889.0kbits/s speed=0.732x    No more output streams to write to, finishing.
[2025-06-30 21:48:57] [out#0/mpegts @ 0x5b51a9a6bc80] All streams finished
[2025-06-30 21:48:57] [out#0/mpegts @ 0x5b51a9a6bc80] Terminating muxer thread
[2025-06-30 21:48:57] [AVIOContext @ 0x5b51a9a6c780] Statistics: 8522792 bytes written, 0 seeks, 33 writeouts
[2025-06-30 21:48:57] [out#0/mpegts @ 0x5b51a9a6bc80] Output file #0 (capturas/rtp_20250630_21-48-14/recebido_rtp.ts):
[2025-06-30 21:48:57] [out#0/mpegts @ 0x5b51a9a6bc80]   Output stream #0:0 (video): 392 packets muxed (7946656 bytes); 
[2025-06-30 21:48:57] [out#0/mpegts @ 0x5b51a9a6bc80]   Output stream #0:1 (audio): 740 packets muxed (281102 bytes); 
[2025-06-30 21:48:57] [out#0/mpegts @ 0x5b51a9a6bc80]   Total: 1132 packets (8227758 bytes) muxed
[2025-06-30 21:48:57] [out#0/mpegts @ 0x5b51a9a6bc80] video:7760kB audio:275kB subtitle:0kB other streams:0kB global headers:0kB muxing overhead: 3.585837%
[2025-06-30 21:48:57] size=    8323kB time=00:00:17.25 bitrate=3951.2kbits/s speed=0.513x    
[2025-06-30 21:48:57] [in#0/rtp @ 0x5b51a9a5ac80] Input file #0 (rtp://192.168.2.99:4004):
[2025-06-30 21:48:57] [in#0/rtp @ 0x5b51a9a5ac80]   Input stream #0:0 (video): 433 packets read (9042707 bytes); 
[2025-06-30 21:48:57] [in#0/rtp @ 0x5b51a9a5ac80]   Input stream #0:1 (audio): 740 packets read (281102 bytes); 
[2025-06-30 21:48:57] [in#0/rtp @ 0x5b51a9a5ac80]   Total: 1173 packets (9323809 bytes) demuxed
